route-token wait:9000
route-token enter
route-token wait:1800
route-token one
route-token wait:1800
route-token click:276,140
left-click-mapped 276,140 -> 1347,659 window=1067x832
route-token wait:2200
route-token one
route-token wait:2500
route-token kp5
route-token wait:1200
route-token shot:start
route-token kp5
route-token wait:900
route-token kp5
route-token wait:900
route-token kp5
route-token wait:900
route-token kp5
route-token wait:900
route-token kp4
route-token wait:900
route-token kp5
route-token wait:900
route-token kp5
route-token wait:900
route-token kp5
route-token wait:900
route-token kp4
route-token wait:900
route-token kp5
route-token wait:900
route-token kp5
route-token wait:900
route-token kp5
route-token wait:900
route-token kp5
route-token wait:900
route-token kp5
route-token wait:900
route-token kp6
route-token wait:900
route-token kp5
route-token wait:900
route-token kp5
route-token wait:900
route-token kp6
route-token wait:900
route-token kp5
route-token wait:900
route-token kp4
route-token wait:900
route-token kp5
route-token wait:900
route-token kp5
route-token wait:900
route-token kp6
route-token wait:900
route-token kp5
route-token wait:900
route-token kp4
route-token wait:900
route-token kp5
route-token wait:900
route-token kp6
route-token wait:900
route-token kp5
route-token wait:900
route-token kp5
route-token wait:900
route-token kp5
route-token wait:900
route-token kp5
route-token wait:900
route-token kp5
route-token wait:900
route-token kp6
route-token wait:900
route-token kp5
route-token wait:900
route-token kp5
route-token wait:900
route-token kp5
route-token wait:900
route-token kp5
route-token wait:900
route-token kp5
route-token wait:900
route-token shot:door_before
route-token click:112,100
left-click-mapped 112,100 -> 801,525 window=1067x832
route-token wait:1800
route-token shot:after_viewport_click
route-token kp5
route-token wait:1600
route-token shot:after_kp5
